c --- [ banner ] -------------------------------------------------------------
c 
c CaDiCaL SAT Solver
c Copyright (c) 2016-2026
c A. Biere, M. Fleury, N. Froleyks, K. Fazekas, F. Pollitt, T. Faller
c JKU Linz, University of Freiburg, TU Wien
c 
c Version 3.0.1 c60730422e758ef1cebe7aeddf2dda31c996bf04
c g++ (Ubuntu 13.3.0-6ubuntu2~24.04.1) 13.3.0 -Wall -Wextra -O3 -DNDEBUG
c Sat Sep 19 01:48:17 PM UTC 2026 Linux b92df19386bc 6.6.122+ x86_64
c 
c --- [ proof tracing ] ------------------------------------------------------
c 
c opening file to write '/content/repo/proofs/K13_3K4_none.drat'
c writing non-binary proof trace to '/content/repo/proofs/K13_3K4_none.drat'
c 
c --- [ parsing input ] ------------------------------------------------------
c 
c reading DIMACS file from '/content/repo/cnf/K13_3K4_none.cnf'
c opening file to read '/content/repo/cnf/K13_3K4_none.cnf'
c found 'p cnf 10959 711737' header
c parsed 711737 clauses in 0.31 seconds process time
c 
c --- [ options ] ------------------------------------------------------------
c 
c   --binary=false                 (different from default 'true')
c 
c --- [ solving ] ------------------------------------------------------------
c 
c time measured in process time since initialization
c 
c  seconds  reduction conflicts       size tier2        variables
c         MB    restarts   redundant    glue  trail          remaining
c          level     rate       size/glu tier1  irredundant
c 
c *  0.31 70  0 0   0  0    0    0 0.0 0 0 2 6  0% 711737 10959 100%
c )  0.37 77  0 0   0  0    0    0 0.0 0 0 2 6  0% 711737 10959 100%
c {  0.40 77  0 0   0  0    0    0 0.0 0 0 2 6  0% 711737 10959 100%
c -  0.76 82 34 1  28  5  302  253 2.3 10 4 2 6 20% 711737 10959 100%
c }  1.28 93 25 1  70  3 1003  885 2.4 11 4 2 6 13% 711737 10959 100%
c [  1.28 93  0 1  70  0 1003  885 0.0 0 0 2 6  0% 711737 10959 100%
c O  1.30 93 68 1  70 69 1004  886 1.7 10 6 2 6 56% 711737 10959 100%
c -  1.62 126 62 2  70  2 1105  863 2.1 26 13 2 6 42% 711737 10959 100%
c ]  2.25 127 49 2  70  1 1837 1583 2.5 31 12 2 6 31% 711737 10959 100%
c {  2.25 127 25 2  70  3 1837 1583 2.4 11 4 2 6 13% 711737 10959 100%
c -  3.10 128 28 3 132  3 2644 1710 2.3 11 5 2 6 19% 711737 10959 100%
c O  3.12 128 27 3 132  3 3005 1995 2.4 11 5 2 6 21% 711737 10959 100%
c -  5.75 130 26 4 323  3 5024 2263 2.4 12 5 2 3 20% 711737 10959 100%
c }  6.06 130 26 4 341  3 5937 3045 2.4 12 5 2 3 20% 711737 10959 100%
c [  6.06 130 49 4 341  1 5937 3045 2.5 31 12 2 6 31% 711737 10959 100%
c I  6.08 130 47 4 341  1 6006 3114 2.5 29 12 2 6 31% 711737 10959 100%
c -  7.79 130 41 5 343  2 8306 3373 2.5 23 9 5 12 32% 711737 10959 100%
c B 10.11 130 33 5 344  1 10008 4831 2.3 21 9 4 11 26% 711737 10959 100%
c ] 10.50 130 32 5 345  1 10565 5344 2.3 21 9 4 11 26% 711737 10959 100%
c { 10.50 130 26 5 345  3 10565 5344 2.4 12 5 2 3 20% 711737 10959 100%
c 
c  seconds   reductions conflicts       size  tier2        variables
c          MB    restarts    redundant     glue  trail          remaining
c           level     rate        size/glue tier1  irredundant
c 
c ^ 12.04 133 25 5 424  3 12043 6702 2.4 12 5 2 3 20% 711737 10959 100%
c - 12.40 133 25 6 428  3 12530 4482 2.4 12 5 2 3 20% 711737 10959 100%
c # 14.41 133 26 6 583  3 15012 6713 2.4 12 5 2 3 19% 711737 10959 100%
c - 17.31 133 26 7 851  3 17712 6379 2.4 12 5 2 3 20% 711737 10959 100%
c u 17.67 133 26 7 851  3 17712 6207 2.4 12 5 2 3 20% 711737 10959 100%
c v 17.78 133 26 7 851  3 17712 6180 2.4 12 5 2 3 20% 711737 10959 100%
c } 18.57 133 26 7 899  3 18350 6757 2.4 12 5 2 3 19% 711737 10959 100%
c [ 18.57 133 32 7 899  1 18350 6757 2.3 21 9 4 11 26% 711737 10959 100%
c W 21.24 133 28 7 900  1 21014 9179 2.1 20 9 4 11 22% 711737 10959 100%
c - 25.72 133 34 8 901  1 23874 7439 2.1 24 11 3 9 26% 711737 10959 100%
c ] 27.69 133 35 8 901  1 24741 8247 2.1 25 12 3 9 27% 711737 10959 100%
c { 27.69 133 26 8 901  3 24741 8247 2.4 12 5 2 3 19% 711737 10959 100%
c B 31.14 133 26 8 1226  3 28016 11238 2.4 12 5 2 3 19% 711737 10959 100%
c - 32.81 113 26 9 1328  3 31029 9486 2.5 12 5 2 3 20% 711737 10959 100%
c W 38.58 113 26 9 1695  3 36021 14081 2.5 12 5 2 3 19% 711737 10959 100%
c ^ 39.33 138 26 9 1696  3 36128 14183 2.5 12 5 2 3 19% 711737 10959 100%
c } 41.89 138 26 9 1927  3 38805 16562 2.4 12 5 2 3 19% 711737 10959 100%
c [ 41.89 138 35 9 1927  1 38805 16562 2.1 25 12 3 9 27% 711737 10959 100%
c - 42.36 143 34 10 1927  1 39184 12371 2.1 24 12 3 9 26% 711737 10959 100%
c u 43.00 143 34 10 1927  1 39184 11979 2.1 24 12 3 9 26% 711737 10959 100%
c 
c  seconds   reductions   conflicts        size   tier2        variables
c          MB     restarts      redundant     glue   trail          remaining
c           level       rate         size/glue  tier1  irredundant
c 
c v 43.26 143 34 10 1927  1 39184 11841 2.1 24 12 3 9 26% 711737 10959 100%
c w 43.26 143 34 10 1927  1 39184 11841 2.1 24 12 3 9 26% 711737 10959 100%
c O 48.62 143 28 10 1932  1 45023 16796 2.0 21 11 3 9 22% 711737 10959 100%
c - 51.06 108 26 11 1934  1 48349 12715 2.0 20 10 3 9 20% 711737 10959 100%
c ] 55.96 108 26 11 1935  1 51987 16070 2.0 21 11 3 9 20% 711737 10959 100%
c { 55.96 108 26 11 1935  3 51987 16070 2.4 12 5 2 3 19% 711737 10959 100%
c F 59.79 108 26 11 2264  3 55024 18808 2.4 12 5 2 3 18% 711737 10959 100%
c - 62.84 108 26 12 2472  3 58533 15049 2.5 13 5 2 3 19% 711737 10959 100%
c u 64.38 114 26 12 2472  3 58533 13055 2.5 13 5 2 3 19% 711737 10959 100%
c v 64.54 114 26 12 2472  3 58533 12986 2.5 13 5 2 3 19% 711737 10959 100%
c B 67.89 114 25 12 2737  3 66025 19263 2.5 13 5 2 3 18% 711737 10959 100%
c - 71.81 114 26 13 3076  3 69736 16691 2.5 12 5 2 3 18% 711737 10959 100%
c ^ 75.68 131 25 13 3268  3 72256 18918 2.5 12 5 2 3 18% 711737 10959 100%
c } 79.86 131 25 13 3677  3 77587 23460 2.5 13 5 2 3 18% 711737 10959 100%
c [ 79.86 131 26 13 3677  1 77587 23460 2.0 21 11 3 9 20% 711737 10959 100%
c B 80.28 131 26 13 3677  1 78027 23873 2.0 21 10 3 9 20% 711737 10959 100%
c - 83.14 131 26 14 3677  1 81963 19729 2.1 21 10 3 9 19% 711737 10959 100%
c u 83.67 131 26 14 3677  1 81963 18987 2.1 21 10 3 9 19% 711737 10959 100%
c v 83.89 131 26 14 3677  1 81963 18747 2.1 21 10 3 9 19% 711737 10959 100%
c w 83.92 131 26 14 3677  1 81963 18747 2.1 21 10 3 9 19% 711737 10959 100%
c 
c  seconds   reductions   conflicts        size   tier2        variables
c          MB     restarts      redundant     glue   trail          remaining
c           level       rate         size/glue  tier1  irredundant
c 
c W 95.95 131 27 14 3681  1 91029 27117 2.2 23 11 3 9 20% 711737 10959 100%
c - 100.27 131 26 15 3684  1 95222 20772 2.2 22 10 3 9 19% 711737 10959 100%
c ] 103.74 131 27 15 3684  1 97890 23262 2.2 24 11 3 9 20% 711737 10959 100%
c { 103.74 131 25 15 3684  3 97890 23262 2.5 13 5 2 3 18% 711737 10959 100%
c W 114.01 131 25 15 4532  3 105031 29669 2.5 13 5 2 3 18% 711737 10959 100%
c - 119.30 131 25 16 5062  3 109510 23945 2.5 13 5 2 3 17% 711737 10959 100%
c u 120.22 131 25 16 5062  3 109510 22396 2.5 13 5 2 3 17% 711737 10959 100%
c v 120.62 131 25 16 5062  3 109510 22238 2.5 13 5 2 3 17% 711737 10959 100%
c # 134.86 131 25 16 6240  3 120033 31717 2.5 13 5 2 3 17% 711737 10959 100%
c } 135.58 131 25 16 6315  3 120364 32027 2.5 13 5 2 3 17% 711737 10959 100%
c [ 135.58 131 27 16 6315  1 120364 32027 2.2 24 11 3 9 20% 711737 10959 100%
c s 137.36 131 27 16 6315  1 120426 32085 2.2 24 11 3 9 20% 711737 10959 100%
c ^ 137.43 131 27 16 6315  1 120426 32085 2.2 24 11 3 9 20% 711737 10959 100%
c - 142.17 131 28 17 6318  1 124836 26314 2.2 24 11 3 9 20% 711737 10959 100%
c u 143.10 131 28 17 6318  1 124836 25981 2.2 24 11 3 9 20% 711737 10959 100%
c v 143.26 131 28 17 6318  1 124836 25921 2.2 24 11 3 9 20% 711737 10959 100%
c w 143.29 131 28 17 6318  1 124836 25921 2.2 24 11 3 9 20% 711737 10959 100%
c I 159.71 131 29 17 6323  1 136034 35850 2.3 27 12 3 9 23% 711737 10959 100%
c - 166.86 132 29 18 6323  1 141199 27975 2.3 27 12 2 4 22% 711737 10959 100%
c u 167.55 132 29 18 6323  1 141199 27784 2.3 27 12 2 4 22% 711737 10959 100%
c 
c  seconds    reductions   conflicts         size   tier2        variables
c           MB     restarts       redundant     glue   trail          remaining
c            level       rate          size/glue  tier1  irredundant
c 
c v 167.82 132 29 18 6323  1 141199 27668 2.3 27 12 2 4 22% 711737 10959 100%
c w 167.83 132 29 18 6323  1 141199 27668 2.3 27 12 2 4 22% 711737 10959 100%
c ] 171.21 132 29 18 6324  1 144319 30613 2.3 27 12 2 4 22% 711737 10959 100%
c { 171.21 132 25 18 6324  3 144319 30613 2.5 13 5 2 3 17% 711737 10959 100%
c B 180.80 132 25 18 7107  3 153035 38458 2.5 13 5 2 3 17% 711737 10959 100%
c - 187.83 132 25 19 7752  3 158600 31468 2.5 13 5 2 3 16% 711737 10959 100%
c u 188.63 132 25 19 7752  3 158600 31344 2.5 13 5 2 3 16% 711737 10959 100%
c v 188.90 132 25 19 7752  3 158600 31277 2.5 13 5 2 3 16% 711737 10959 100%
c W 203.20 132 25 19 8762  3 171038 42273 2.6 14 5 2 3 16% 711737 10959 100%
c - 214.94 132 25 20 9807  4 177041 36337 2.5 14 5 2 3 16% 711737 10959 100%
c u 215.67 132 25 20 9807  4 177041 35429 2.5 14 5 2 3 16% 711737 10959 100%
c v 215.96 132 25 20 9807  4 177041 34702 2.5 14 5 2 3 16% 711737 10959 100%
c w 215.97 132 25 20 9807  4 177041 34702 2.5 14 5 2 3 16% 711737 10959 100%
c } 218.12 132 25 20 10003  4 178512 36033 2.5 14 5 2 3 16% 711737 10959 100%
c [ 218.12 132 29 20 10003  1 178512 36033 2.3 27 12 2 4 22% 711737 10959 100%
c s 222.24 132 29 20 10003  1 180639 38017 2.4 27 11 2 4 22% 711737 10959 100%
c e 222.45 132 29 20 10003  1 180639 29738 2.4 27 11 2 4 22% 718887 9529 87%
c ^ 223.54 132 29 20 10003  1 180639 29738 2.4 27 11 2 4 22% 718887 9529 87%
c B 236.17 132 27 20 10003  1 190040 38212 2.4 26 11 2 4 15% 718887 9529 87%
c - 245.21 132 29 21 10006  1 196525 31379 2.4 27 11 2 4 23% 718887 9529 87%
c 
c  seconds    reductions    conflicts         size   tier2       variables
c           MB      restarts       redundant     glue   trail         remaining
c            level        rate          size/glue  tier1  irredundant
c 
c u 245.79 132 29 21 10006  1 196525 31229 2.4 27 11 2 4 23% 718887 9529 87%
c v 246.02 132 29 21 10006  1 196525 31166 2.4 27 11 2 4 23% 718887 9529 87%
c w 246.04 132 29 21 10006  1 196525 31166 2.4 27 11 2 4 23% 718887 9529 87%
c ] 264.16 132 28 21 10013  1 208906 41791 2.3 28 12 2 4 26% 718887 9529 87%
c { 264.16 132 25 21 10013  4 208906 41791 2.5 14 5 2 3 18% 718887 9529 87%
c F 266.87 132 25 21 10239  4 210041 42829 2.5 14 5 2 3 18% 718887 9529 87%
c - 272.14 133 25 22 10665  4 217101 34659 2.5 14 5 2 3 18% 718887 9529 87%
c u 272.91 133 25 22 10665  4 217101 34203 2.5 14 5 2 3 18% 718887 9529 87%
c v 273.21 133 25 22 10665  4 217101 34120 2.5 14 5 2 3 18% 718887 9529 87%
c B 286.59 133 25 22 11784  3 231042 46255 2.5 14 5 2 3 18% 718887 9529 87%
c - 296.01 133 24 23 12611  3 238731 39794 2.5 14 6 2 3 18% 718887 9529 87%
c u 298.20 133 24 23 12611  3 238731 39611 2.5 14 6 2 3 18% 718887 9529 87%
c v 298.47 133 24 23 12611  3 238731 39528 2.5 14 6 2 3 18% 718887 9529 87%
c W 320.88 133 24 23 14270  4 253047 52462 2.5 14 6 2 3 18% 718887 9529 87%
c s 323.86 146 25 23 14511  4 255487 53882 2.5 14 6 2 3 18% 718887 9529 87%
c e 324.15 146 25 23 14511  4 255487 40065 2.5 14 6 2 3 18% 744627 6669 61%
c } 327.75 117 25 23 14792  3 259458 43657 2.5 14 6 2 3 28% 744627 6669 61%
c [ 327.75 117 28 23 14792  1 259458 43657 2.3 28 12 2 4 37% 744627 6669 61%
c - 330.44 148 28 24 14794  1 261410 34539 2.4 28 12 2 4 36% 744627 6669 61%
c u 331.31 148 28 24 14794  1 261410 34060 2.4 28 12 2 4 36% 744627 6669 61%
c 
c  seconds    reductions    conflicts         size   tier2       variables
c           MB      restarts       redundant     glue   trail         remaining
c            level        rate          size/glue  tier1  irredundant
c 
c v 331.67 148 28 24 14794  1 261410 33979 2.4 28 12 2 4 36% 744627 6669 61%
c w 331.67 148 28 24 14794  1 261410 33979 2.4 28 12 2 4 36% 744627 6669 61%
c W 343.22 148 26 24 14797  1 276048 46953 2.3 25 11 2 4 27% 744627 6669 61%
c - 353.66 118 27 25 14804  1 285337 36710 2.3 27 12 2 4 29% 744627 6669 61%
c u 354.43 118 27 25 14804  1 285337 36520 2.3 27 12 2 4 29% 744627 6669 61%
c v 354.70 118 27 25 14804  1 285337 36464 2.3 27 12 2 4 29% 744627 6669 61%
c w 354.75 118 27 25 14804  1 285337 36464 2.3 27 12 2 4 29% 744627 6669 61%
c O 376.24 118 28 25 14811  1 300050 49881 2.3 29 12 2 4 30% 744627 6669 61%
c - 391.38 149 28 26 14813  1 310335 37682 2.3 30 13 2 4 31% 744627 6669 61%
c u 392.24 149 28 26 14813  1 310335 37548 2.3 30 13 2 4 31% 744627 6669 61%
c v 392.58 149 28 26 14813  1 310335 37372 2.3 30 13 2 4 31% 744627 6669 61%
c ] 393.56 149 28 26 14813  1 310841 37820 2.3 30 13 2 4 31% 744627 6669 61%
c { 393.56 149 25 26 14813  3 310841 37820 2.5 14 6 2 3 28% 744627 6669 61%
c # 409.60 149 24 26 16357  3 325055 50581 2.5 14 6 2 3 24% 744627 6669 61%
c - 427.01 118 24 27 18004  4 336404 44176 2.5 15 6 2 3 23% 744627 6669 61%
c u 428.11 119 24 27 18004  4 336404 43526 2.5 15 6 2 3 23% 744627 6669 61%
c v 428.56 119 24 27 18004  4 336404 43430 2.5 15 6 2 3 23% 744627 6669 61%
c B 448.75 144 24 27 19573  4 351056 56557 2.5 15 6 2 3 23% 744627 6669 61%
c - 465.14 149 24 28 21074  4 363549 50066 2.5 15 6 2 3 24% 744627 6669 61%
c u 466.17 149 24 28 21074  4 363549 49595 2.5 15 6 2 3 24% 744627 6669 61%
c 
c  seconds    reductions    conflicts         size  tier2       variables
c           MB      restarts       redundant     glue  trail         remaining
c            level        rate          size/glue tier1  irredundant
c 
c v 466.60 149 24 28 21074  4 363549 49498 2.5 15 6 2 3 24% 744627 6669 61%
c w 466.62 149 24 28 21074  4 363549 49497 2.5 15 6 2 3 24% 744627 6669 61%
c } 468.46 149 24 28 21205  4 365298 51044 2.5 15 6 2 3 24% 744627 6669 61%
c [ 468.46 149 28 28 21205  1 365298 51044 2.3 30 13 2 4 31% 744627 6669 61%
c B 471.05 149 26 28 21205  1 378057 62783 2.3 28 12 2 4 27% 744627 6669 61%
c - 485.13 112 26 29 21206  1 391768 52760 2.4 28 12 2 4 28% 744627 6669 61%
c u 485.71 118 26 29 21206  1 391768 52488 2.4 28 12 2 4 28% 744627 6669 61%
c v 485.92 118 26 29 21206  1 391768 52429 2.4 28 12 2 4 28% 744627 6669 61%
c w 485.93 118 26 29 21206  1 391768 52428 2.4 28 12 2 4 28% 744627 6669 61%
c W 504.23 118 26 29 21206  1 406058 65718 2.5 28 11 2 4 28% 744627 6669 61%
c - 519.26 121 25 30 21211  1 421060 54144 2.5 28 11 2 4 28% 744627 6669 61%
c u 522.26 121 25 30 21211  1 421060 53986 2.5 28 11 2 4 28% 744627 6669 61%
c v 522.71 121 25 30 21211  1 421060 53907 2.5 28 11 2 4 28% 744627 6669 61%
c w 522.74 121 25 30 21211  1 421060 53907 2.5 28 11 2 4 28% 744627 6669 61%
c I 539.24 121 26 30 21219  1 435060 66226 2.5 28 11 2 4 28% 744627 6669 61%
c ] 548.19 121 27 30 21221  1 442963 73700 2.5 29 12 2 4 28% 744627 6669 61%
c { 548.19 121 24 30 21221  4 442963 73700 2.5 15 6 2 3 24% 744627 6669 61%
c - 556.83 121 23 31 21954  3 451426 57564 2.6 15 6 2 3 23% 744627 6669 61%
c u 557.76 121 23 31 21954  3 451426 57081 2.6 15 6 2 3 23% 744627 6669 61%
c v 558.16 121 23 31 21954  3 451426 56974 2.6 15 6 2 3 23% 744627 6669 61%
c 
c  seconds    reductions    conflicts         size  tier2       variables
c           MB      restarts       redundant     glue  trail         remaining
c            level        rate          size/glue tier1  irredundant
c 
c W 582.08 121 23 31 23984  4 465061 69075 2.6 16 6 1 2 23% 744627 6669 61%
c - 601.36 118 23 32 25464  3 482868 47546 2.6 16 6 1 2 23% 744627 6669 61%
c u 602.25 118 23 32 25464  3 482868 47310 2.6 16 6 1 2 23% 744627 6669 61%
c v 602.26 118 23 32 25464  3 482868 47305 2.6 16 6 1 2 23% 744627 6669 61%
c w 602.26 118 23 32 25464  3 482868 47305 2.6 16 6 1 2 23% 744627 6669 61%
c F 615.45 118 22 32 26500  3 496063 58752 2.6 16 6 1 2 24% 744627 6669 61%
c - 636.80 148 22 33 28180  3 515390 47068 2.7 16 6 1 2 24% 744627 6669 61%
c u 637.96 148 22 33 28180  3 515390 46710 2.7 16 6 1 2 24% 744627 6669 61%
c v 637.97 148 22 33 28180  3 515390 46710 2.7 16 6 1 2 24% 744627 6669 61%
c w 637.98 148 22 33 28180  3 515390 46710 2.7 16 6 1 2 24% 744627 6669 61%
c } 641.60 148 21 33 28484  3 521218 51740 2.7 17 6 1 2 24% 744627 6669 61%
c [ 641.60 148 27 33 28484  1 521218 51740 2.5 29 12 2 4 28% 744627 6669 61%
c B 644.76 148 26 33 28486  1 528064 57511 2.6 29 11 2 4 28% 744627 6669 61%
c - 672.65 148 27 34 28498  1 548985 47835 2.5 30 12 2 4 29% 744627 6669 61%
c u 673.78 148 27 34 28498  1 548985 47300 2.5 30 12 2 4 29% 744627 6669 61%
c v 673.80 148 27 34 28498  1 548985 47292 2.5 30 12 2 4 29% 744627 6669 61%
c w 673.81 148 27 34 28498  1 548985 47292 2.5 30 12 2 4 29% 744627 6669 61%
c W 693.24 148 28 34 28500  1 561066 58407 2.6 32 13 2 4 31% 744627 6669 61%
c - 719.79 148 30 35 28506  1 583658 47701 2.6 34 13 2 4 31% 744627 6669 61%
c u 720.94 148 30 35 28506  1 583658 47364 2.6 34 13 2 4 31% 744627 6669 61%
c 
c  seconds    reductions    conflicts         size   tier2       variables
c           MB      restarts       redundant     glue   trail         remaining
c            level        rate          size/glue  tier1  irredundant
c 
c v 720.95 148 30 35 28506  1 583658 47363 2.6 34 13 2 4 31% 744627 6669 61%
c w 720.96 148 30 35 28506  1 583658 47363 2.6 34 13 2 4 31% 744627 6669 61%
c O 732.26 148 28 35 28512  1 595067 57509 2.6 32 13 2 4 30% 744627 6669 61%
c ] 733.99 148 28 35 28513  1 596610 58807 2.5 32 13 2 4 30% 744627 6669 61%
c { 733.99 148 21 35 28513  3 596610 58807 2.7 17 6 1 2 24% 744627 6669 61%
c - 764.81 173 21 36 30997  3 619410 49675 2.7 17 6 1 2 24% 744627 6669 61%
c u 766.21 173 21 36 30997  3 619410 49155 2.7 17 6 1 2 24% 744627 6669 61%
c v 766.21 173 21 36 30997  3 619410 49155 2.7 17 6 1 2 24% 744627 6669 61%
c w 766.22 173 21 36 30997  3 619410 49155 2.7 17 6 1 2 24% 744627 6669 61%
c B 774.39 173 21 36 31688  3 630069 58257 2.7 17 6 1 2 24% 744627 6669 61%
c - 807.54 173 20 37 34034  3 656243 52565 2.8 17 6 1 2 24% 744627 6669 61%
c u 808.73 173 20 37 34034  3 656243 52252 2.8 17 6 1 2 24% 744627 6669 61%
c W 820.03 173 20 37 34367  3 666071 60523 2.8 17 6 1 2 25% 744627 6669 61%
c } 847.84 173 19 37 35948  3 688854 80199 2.9 18 6 1 2 24% 744627 6669 61%
c [ 847.84 173 28 37 35948  1 688854 80199 2.5 32 13 2 4 30% 744627 6669 61%
c - 850.67 173 29 38 35950  1 694154 56022 2.6 32 13 2 4 30% 744627 6669 61%
c u 853.78 173 29 38 35950  1 694154 55712 2.6 32 13 2 4 30% 744627 6669 61%
c v 853.79 173 29 38 35950  1 694154 55711 2.6 32 13 2 4 30% 744627 6669 61%
c w 853.80 173 29 38 35950  1 694154 55710 2.6 32 13 2 4 30% 744627 6669 61%
c B 863.75 173 29 38 35951  1 703074 63793 2.6 32 12 2 4 30% 744627 6669 61%
c 
c  seconds    reductions    conflicts         size   tier2       variables
c           MB      restarts       redundant     glue   trail         remaining
c            level        rate          size/glue  tier1  irredundant
c 
c - 901.70 175 27 39 35965  1 733142 57968 2.6 31 12 2 5 29% 744627 6669 61%
c u 902.63 175 27 39 35965  1 733142 57659 2.6 31 12 2 5 29% 744627 6669 61%
c v 902.66 175 27 39 35965  1 733142 57658 2.6 31 12 2 5 29% 744627 6669 61%
c w 902.67 175 27 39 35965  1 733142 57658 2.6 31 12 2 5 29% 744627 6669 61%
c W 915.45 175 27 39 35966  1 741076 64544 2.6 31 12 2 5 29% 744627 6669 61%
c - 950.48 175 27 40 35967  1 773210 58196 2.7 32 12 2 5 29% 744627 6669 61%
c u 951.80 175 27 40 35967  1 773210 57981 2.7 32 12 2 5 29% 744627 6669 61%
c v 951.82 175 27 40 35967  1 773210 57975 2.7 32 12 2 5 29% 744627 6669 61%
c w 951.83 175 27 40 35967  1 773210 57975 2.7 32 12 2 5 29% 744627 6669 61%
c I 959.59 175 28 40 35967  1 780082 64416 2.7 32 12 2 5 29% 744627 6669 61%
c ] 960.72 175 28 40 35967  1 781284 65526 2.7 32 12 2 5 29% 744627 6669 61%
c { 960.72 175 19 40 35967  3 781284 65526 2.9 18 6 1 2 24% 744627 6669 61%
c - 994.78 175 19 41 38433  3 814361 62122 2.9 18 6 1 2 25% 744627 6669 61%
c p 994.93 175 19 41 38433  3 814361 62122 2.9 18 6 1 2 25% 744627 6669 61%
c u 996.19 175 19 41 38433  3 814361 61748 2.9 18 6 1 2 25% 744627 6669 61%
c # 1000.34 175 19 41 38747  3 820083 66509 2.9 18 6 1 2 25% 744627 6669 61%
c - 1037.38 113 19 42 41641  3 856592 66680 2.9 18 6 1 2 25% 744627 6669 61%
c p 1037.47 113 19 42 41641  3 856592 66680 2.9 18 6 1 2 25% 744627 6669 61%
c u 1038.52 118 19 42 41641  3 856592 66485 2.9 18 6 1 2 25% 744627 6669 61%
c B 1044.45 118 19 42 42175  3 861084 70509 2.9 18 6 1 2 25% 744627 6669 61%
c 
c   seconds    reductions    conflicts         size  tier2       variables
c            MB      restarts       redundant     glue  trail         remaining
c             level        rate          size/glue tier1  irredundant
c 
c - 1081.70 119 19 43 44959  3 899904 70303 2.9 18 6 1 2 26% 744627 6669 61%
c p 1081.80 119 19 43 44959  3 899904 70303 2.9 18 6 1 2 26% 744627 6669 61%
c u 1083.09 119 19 43 44959  3 899904 70049 2.9 18 6 1 2 26% 744627 6669 61%
c W 1091.20 119 19 43 45241  3 903085 72919 2.9 18 6 1 2 26% 744627 6669 61%
c } 1095.79 119 19 43 45607  3 909214 78202 2.9 18 6 1 2 26% 744627 6669 61%
c [ 1095.79 119 28 43 45607  1 909214 78202 2.7 32 12 2 5 29% 744627 6669 61%
c - 1118.52 151 27 44 45608  1 944298 71518 2.8 31 11 2 4 29% 744627 6669 61%
c u 1119.47 151 27 44 45608  1 944298 71412 2.8 31 11 2 4 29% 744627 6669 61%
c v 1119.53 151 27 44 45608  1 944298 71407 2.8 31 11 2 4 29% 744627 6669 61%
c w 1119.55 151 27 44 45608  1 944298 71407 2.8 31 11 2 4 29% 744627 6669 61%
c B 1121.42 151 27 44 45608  1 946088 73059 2.7 31 11 2 4 29% 744627 6669 61%
c - 1184.97 123 28 45 45614  1 989774 70847 2.9 36 12 2 4 31% 744627 6669 61%
c u 1187.04 123 28 45 45614  1 989774 70684 2.9 36 12 2 4 31% 744627 6669 61%
c v 1187.08 123 28 45 45614  1 989774 70680 2.9 36 12 2 4 31% 744627 6669 61%
c w 1187.17 123 28 45 45614  1 989774 70678 2.9 36 12 2 4 31% 744627 6669 61%
c W 1192.17 123 28 45 45615  1 990090 70947 2.9 36 12 2 4 31% 744627 6669 61%
c ] 1248.58 148 26 45 45632  1 1028909 105331 2.8 34 12 2 4 30% 744627 6669 61%
c { 1248.58 148 19 45 45632  3 1028909 105331 2.9 18 6 1 2 26% 744627 6669 61%
c F 1252.95 148 19 45 45905  3 1035091 110780 2.9 18 6 1 2 26% 744627 6669 61%
c - 1254.20 155 19 46 45966  3 1036330 72214 2.9 18 6 1 2 26% 744627 6669 61%
c 
c   seconds    reductions     conflicts         size  tier2       variables
c            MB      restarts        redundant     glue  trail         remaining
c             level        rate           size/glue tier1  irredundant
c 
c u 1255.70 155 19 46 45966  3 1036330 72053 2.9 18 6 1 2 26% 744627 6669 61%
c w 1255.72 155 19 46 45966  3 1036330 72050 2.9 18 6 1 2 26% 744627 6669 61%
c B 1298.31 155 20 46 49471  3 1081092 111210 2.9 18 6 1 2 26% 744627 6669 61%
c - 1302.90 117 20 47 49763  3 1083972 77090 2.9 18 6 1 2 26% 744627 6669 61%
c u 1305.99 122 20 47 49763  3 1083972 76890 2.9 18 6 1 2 26% 744627 6669 61%
c v 1306.02 122 20 47 49763  3 1083972 76889 2.9 18 6 1 2 26% 744627 6669 61%
c w 1306.06 122 20 47 49763  3 1083972 76889 2.9 18 6 1 2 26% 744627 6669 61%
c x 1306.38 122 20 47 49763  3 1083972 76888 2.9 18 6 1 2 26% 744625 6669 61%
c W 1344.18 122 20 47 52254  2 1128093 114860 2.9 17 6 1 2 27% 744625 6669 61%
c - 1349.27 123 20 48 52757  2 1132694 81812 2.8 17 6 1 2 27% 744625 6669 61%
c p 1349.36 123 20 48 52757  2 1132694 81812 2.8 17 6 1 2 27% 744625 6669 61%
c u 1350.37 123 20 48 52757  2 1132694 81687 2.8 17 6 1 2 27% 744625 6669 61%
c v 1350.38 123 20 48 52757  2 1132694 81684 2.8 17 6 1 2 27% 744625 6669 61%
c w 1350.40 123 20 48 52757  2 1132694 81684 2.8 17 6 1 2 27% 744625 6669 61%
c # 1385.62 150 21 48 55326  2 1176094 119040 2.8 17 6 1 2 27% 744625 6669 61%
c - 1392.60 124 21 49 55824  2 1182500 86531 2.8 17 6 1 2 27% 744625 6669 61%
c p 1392.75 124 21 49 55824  2 1182500 86532 2.8 17 6 1 2 27% 744625 6669 61%
c u 1393.95 124 21 49 55824  2 1182500 86341 2.8 17 6 1 2 27% 744625 6669 61%
c v 1393.96 124 21 49 55824  2 1182500 86330 2.8 17 6 1 2 27% 744625 6669 61%
c w 1393.99 124 21 49 55824  2 1182500 86330 2.8 17 6 1 2 27% 744625 6669 61%
c 
c   seconds    reductions     conflicts          size  tier2       variables
c            MB      restarts        redundant      glue  trail         remaining
c             level        rate            size/glue tier1  irredundant
c 
c } 1412.19 124 21 49 57212  2 1213383 113475 2.8 17 6 1 2 27% 744625 6669 61%
c [ 1412.19 124 26 49 57212  1 1213383 113475 2.8 34 12 2 4 30% 744625 6669 61%
c O 1427.88 124 26 49 57218  1 1225096 124068 2.8 33 12 2 4 31% 744625 6669 61%
c - 1437.15 157 25 50 57219  1 1233389 90317 2.8 32 12 2 4 30% 744625 6669 61%
c p 1437.27 157 25 50 57219  1 1233389 90317 2.8 32 12 2 4 30% 744625 6669 61%
c u 1438.37 157 25 50 57219  1 1233389 90130 2.8 32 12 2 4 30% 744625 6669 61%
c w 1438.37 157 25 50 57219  1 1233389 90130 2.8 32 12 2 4 30% 744625 6669 61%
c B 1484.81 157 23 50 57234  1 1275099 126541 2.7 29 11 1 2 28% 744625 6669 61%
c - 1498.43 124 23 51 57237  1 1285362 90294 2.7 29 11 1 2 29% 744625 6669 61%
c p 1498.54 124 23 51 57237  1 1285362 90294 2.7 29 11 1 2 29% 744625 6669 61%
c u 1500.07 124 23 51 57237  1 1285362 90055 2.7 29 11 1 2 29% 744625 6669 61%
c v 1500.07 124 23 51 57237  1 1285362 90055 2.7 29 11 1 2 29% 744625 6669 61%
c W 1560.79 151 24 51 57250  1 1326105 126856 2.8 32 12 1 2 30% 744625 6669 61%
c ] 1573.21 151 25 51 57251  1 1336131 136273 2.8 33 12 1 2 30% 744625 6669 61%
c { 1573.21 151 21 51 57251  2 1336131 136273 2.8 17 6 1 2 27% 744625 6669 61%
c - 1574.67 157 21 52 57338  2 1338419 90161 2.8 17 6 1 2 27% 744625 6669 61%
c u 1576.28 157 21 52 57338  2 1338419 89998 2.8 17 6 1 2 27% 744625 6669 61%
c v 1576.28 157 21 52 57338  2 1338419 89998 2.8 17 6 1 2 27% 744625 6669 61%
c B 1604.53 157 21 52 59986  2 1378107 124032 2.7 16 6 1 2 27% 744625 6669 61%
c - 1616.58 118 21 53 61178  2 1392562 95457 2.7 16 6 1 2 27% 744625 6669 61%
c 
c   seconds    reductions     conflicts         size  tier2       variables
c            MB      restarts        redundant     glue  trail         remaining
c             level        rate           size/glue tier1  irredundant
c 
c p 1616.71 118 21 53 61178  2 1392562 95457 2.7 16 6 1 2 27% 744625 6669 61%
c u 1617.82 123 21 53 61178  2 1392562 95364 2.7 16 6 1 2 27% 744625 6669 61%
c v 1617.84 123 21 53 61178  2 1392562 95362 2.7 16 6 1 2 27% 744625 6669 61%
c w 1617.85 123 21 53 61178  2 1392562 95362 2.7 16 6 1 2 27% 744625 6669 61%
c W 1645.21 123 21 53 63314  2 1431109 128760 2.7 16 6 1 2 27% 744625 6669 61%
c - 1661.79 125 21 54 64659  2 1447786 101889 2.7 16 6 1 2 27% 744625 6669 61%
c p 1661.92 125 21 54 64659  2 1447786 101897 2.7 16 6 1 2 27% 744625 6669 61%
c u 1662.98 125 21 54 64659  2 1447786 101361 2.7 16 6 1 2 27% 744625 6669 61%
c v 1662.98 125 21 54 64659  2 1447786 101360 2.7 16 6 1 2 27% 744625 6669 61%
c w 1663.00 125 21 54 64659  2 1447786 101359 2.7 16 6 1 2 27% 744625 6669 61%
c t 1663.01 125 21 54 64659  2 1447786 101358 2.7 16 6 1 2 27% 744625 6669 61%
c F 1690.65 125 20 54 67326  2 1485110 134038 2.7 16 6 1 2 27% 744625 6669 61%
c - 1705.56 125 20 55 68776  2 1504093 107133 2.7 16 6 1 2 27% 744625 6669 61%
c p 1705.72 125 20 55 68776  2 1504093 107858 2.7 16 6 1 2 27% 744625 6668 61%
c u 1706.72 125 20 55 68776  2 1504093 106743 2.7 16 6 1 2 27% 744625 6668 61%
c v 1706.72 125 20 55 68776  2 1504093 106741 2.7 16 6 1 2 27% 744625 6668 61%
c w 1706.72 125 20 55 68776  2 1504093 106741 2.7 16 6 1 2 27% 744625 6668 61%
c t 1706.74 125 20 55 68776  2 1504093 106739 2.7 16 6 1 2 27% 744625 6668 61%
c B 1728.27 125 19 55 70616  2 1540113 137799 2.7 16 6 1 2 28% 744625 6668 61%
c - 1740.57 159 18 56 71703  2 1561489 109736 2.8 16 6 1 2 29% 743680 6668 61%
c 
c   seconds    reductions     conflicts          size  tier2       variables
c            MB      restarts        redundant      glue  trail         remaining
c             level        rate            size/glue tier1  irredundant
c 
c 2 1740.57 159 18 56 71703  2 1561489 109722 2.8 16 6 1 2 29% 743680 6668 61%
c d 1740.65 159 18 56 71703  2 1561489 108711 2.8 16 6 1 2 29% 743677 6665 61%
c p 1740.83 159 18 56 71703  2 1561489 111587 2.8 16 6 1 2 29% 743677 6665 61%
c 2 1740.86 159 18 56 71703  2 1561489 111568 2.8 16 6 1 2 29% 743677 6665 61%
c u 1741.46 159 18 56 71703  2 1561489 111315 2.8 16 6 1 2 29% 743677 6665 61%
c x 1742.12 159 18 56 71703  2 1561489 111310 2.8 16 6 1 2 29% 743592 6665 61%
c t 1742.14 159 18 56 71703  2 1561489 111293 2.8 16 6 1 2 29% 743592 6665 61%
c i 1745.18 159 18 56 72030  2 1568571 117336 2.8 16 6 1 2 29% 743592 6664 61%
c i 1750.79 159 18 56 72447  2 1580814 127892 2.8 16 6 1 2 30% 743592 6663 61%
c i 1751.51 159 18 56 72499  2 1581464 128432 2.8 16 6 1 2 30% 743592 6662 61%
c i 1751.62 159 18 56 72517  2 1581537 128497 2.8 16 6 1 2 30% 743592 6661 61%
c i 1755.96 159 18 56 72865  2 1588989 134734 2.8 16 6 1 2 30% 743592 6660 61%
c i 1756.54 159 18 56 72913  2 1589648 135305 2.8 16 6 1 2 30% 743592 6659 61%
c } 1756.90 159 18 56 72960  2 1590109 135709 2.8 16 6 1 2 30% 743592 6659 61%
c [ 1756.90 159 25 56 72960  1 1590109 135709 2.8 33 12 1 2 30% 743592 6659 61%
c I 1757.81 159 25 56 72960  1 1596117 141213 2.8 32 12 1 2 31% 743592 6659 61%
c - 1760.65 126 23 57 72960  1 1619950 107343 2.8 30 11 1 2 30% 737929 6659 61%
c 2 1760.66 126 23 57 72960  1 1619950 107316 2.8 30 11 1 2 30% 737898 6659 61%
c d 1760.73 126 23 57 72960  1 1619950 106760 2.8 30 11 1 2 30% 737895 6655 61%
c p 1760.88 126 23 57 72960  1 1619950 111933 2.8 30 11 1 2 30% 737895 6653 61%
c 
c   seconds    reductions     conflicts          size   tier2       variables
c            MB      restarts        redundant      glue   trail         remaining
c             level        rate            size/glue  tier1  irredundant
c 
c = 1762.43 128 23 57 72960  1 1619950 110113 2.8 30 11 1 2 30% 736328 6652 61%
c u 1763.11 128 23 57 72960  1 1619950 109878 2.8 30 11 1 2 30% 736328 6650 61%
c v 1763.15 128 23 57 72960  1 1619950 109876 2.8 30 11 1 2 30% 736328 6650 61%
c w 1763.17 128 23 57 72960  1 1619950 109876 2.8 30 11 1 2 30% 736328 6650 61%
c t 1763.19 128 23 57 72960  1 1619950 109837 2.8 30 11 1 2 30% 736328 6650 61%
c B 1784.75 128 20 57 72975  1 1653119 139968 2.8 27 10 1 2 30% 736328 6650 61%
c i 1808.19 128 18 57 72989  1 1678181 161566 2.8 26 9 1 2 30% 736328 6649 61%
c - 1808.99 161 18 58 72989  1 1679390 91724 2.8 26 9 1 2 30% 733944 6649 61%
c 2 1809.00 161 18 58 72989  1 1679390 91642 2.8 26 9 1 2 30% 733876 6649 61%
c d 1809.06 161 18 58 72989  1 1679390 91505 2.8 26 9 1 2 30% 733873 6644 61%
c p 1809.41 161 18 58 72989  1 1679390 100681 2.8 26 9 1 2 30% 733873 6643 61%
c 2 1809.44 161 18 58 72989  1 1679390 100679 2.8 26 9 1 2 30% 733867 6643 61%
c u 1810.72 161 18 58 72989  1 1679390 100050 2.8 26 9 1 2 30% 733867 6643 61%
c v 1810.76 161 18 58 72989  1 1679390 100046 2.8 26 9 1 2 30% 733867 6643 61%
c w 1810.77 161 18 58 72989  1 1679390 100046 2.8 26 9 1 2 30% 733867 6643 61%
c t 1810.79 161 18 58 72989  1 1679390 100034 2.8 26 9 1 2 30% 733867 6643 61%
c e 1819.69 161 18 58 72991  1 1691198 109765 2.8 25 9 1 2 30% 732930 6641 61%
c s 1819.71 161 18 58 72991  1 1691198 109748 2.8 25 9 1 2 30% 732890 6641 61%
c W 1847.39 157 16 58 72997  1 1711120 123925 2.7 23 9 1 2 30% 732890 6641 61%
c i 1867.30 157 15 58 73006  1 1737507 146786 2.7 22 8 1 2 30% 732890 6640 61%
c 
c   seconds    reductions     conflicts         size  tier2       variables
c            MB      restarts        redundant     glue  trail         remaining
c             level        rate           size/glue tier1  irredundant
c 
c - 1870.03 154 15 59 73008  1 1739831 85487 2.7 22 8 1 2 30% 732401 6640 61%
c 2 1870.04 154 15 59 73008  1 1739831 85460 2.7 22 8 1 2 30% 732194 6640 61%
c d 1870.10 154 15 59 73008  1 1739831 85375 2.7 22 8 1 2 30% 732193 6637 61%
c p 1870.29 154 15 59 73008  1 1739831 92057 2.7 22 8 1 2 30% 732193 6637 61%
c 2 1870.31 154 15 59 73008  1 1739831 92056 2.7 22 8 1 2 30% 732189 6637 61%
c u 1871.74 154 15 59 73008  1 1739831 91479 2.7 22 8 1 2 30% 732189 6636 61%
c v 1871.76 154 15 59 73008  1 1739831 91479 2.7 22 8 1 2 30% 732189 6636 61%
c w 1871.76 154 15 59 73008  1 1739831 91479 2.7 22 8 1 2 30% 732189 6636 61%
c t 1871.77 154 15 59 73008  1 1739831 91464 2.7 22 8 1 2 30% 732189 6636 61%
c i 1873.54 154 15 59 73010  1 1743341 94373 2.7 22 8 1 2 30% 732189 6634 61%
c i 1878.88 154 14 59 73013  1 1748988 99106 2.7 21 8 1 2 30% 732189 6631 61%
c i 1880.90 154 14 59 73013  1 1750862 100555 2.7 21 8 1 2 30% 732189 6628 60%
c i 1881.85 154 14 59 73014  1 1751831 101374 2.7 21 8 1 2 30% 732189 6625 60%
c i 1882.14 154 14 59 73015  1 1752163 101639 2.7 21 8 1 2 30% 732189 6621 60%
c i 1882.30 154 14 59 73015  1 1752310 101741 2.7 21 8 1 2 30% 732189 4460 41%
c i 1882.52 122 14 59 73015  1 1752314 32156 2.7 21 8 1 2  2% 57993 4405 40%
c ] 1882.52 122 14 59 73015  1 1752316 32156 2.7 21 8 1 2  2% 57993 4397 40%
c 0 1882.52 122 14 59 73015  1 1752316 32156 2.7 21 8 1 2  2% 57993 4397 40%
c 
c --- [ closing proof ] ------------------------------------------------------
c 
c DRAT proof file '/content/repo/proofs/K13_3K4_none.drat' closed
c DRAT 1917590 added clauses 43.05%
c DRAT 2536923 deleted clauses 56.95%
c DRAT 414393982 bytes (395.20 MB)
c 
c --- [ result ] -------------------------------------------------------------
c 
s UNSATISFIABLE
c 
c --- [ run-time profiling ] -------------------------------------------------
c 
c process time taken by individual solving procedures
c (percentage relative to process time for solving)
c 
c      1801.40   95.71% search
c       888.90   47.23% unstable
c       850.91   45.21% stable
c        80.81    4.29% simplify
c        61.50    3.27% walk
c        53.66    2.85% vivify
c         9.49    0.50% sweep
c         6.37    0.34% subsume
c         2.80    0.15% congruence
c         2.29    0.12% ternary
c         2.11    0.11% probe
c         1.36    0.07% elim
c         0.31    0.02% parse
c         0.16    0.01% backbone
c         0.08    0.00% lucky
c   =================================
c      1882.21   99.98% solve
c 
c last line shows process time for solving
c (percentage relative to total process time)
c 
c --- [ statistics ] ---------------------------------------------------------
c 
c chronological:            361531        20.63 %  of conflicts
c conflicts:               1752316       930.99    per second
c backbone:                1748319     15953.27 %  of vars
c decisions:               3411776      1812.65    per second
c eliminated:                 4292        39.16 %  of all variables
c fixed:                      2254        20.57 %  of all variables
c learned:                 1668729        95.23 %  per conflict
c learned_lits:           47318182       100.00 %  learned literals
c minimized:                     0         0.00 %  learned literals
c shrunken:                4244435         8.97 %  learned literals
c minishrunken:            6249182        13.21 %  learned literals
c otfs:                      60986         3.48 %  of conflict
c propagations:          642856051         0.34 M  per second
c reduced:                 1335989        76.24 %  per conflict
c rephased:                     58     30212.34    interval
c restarts:                  73015        24.00    interval
c stabilizing:                  14        45.36 %  of conflicts
c substituted:                  16         0.15 %  of all variables
c sweep equivs:                  1         0.00 %  of swept variables
c subsumed:                 133508         5.32 %  of all clauses
c strengthened:              75514         3.01 %  of all clauses
c ticks:               34659377256        54.67    propagation
c vivified:                  11710         0.47 %  of all clauses
c walked:                       18     97350.89    interval
c weakened:                  40109         3.32    average size
c congruence:                   10    175231.60    interval
c 
c seconds are measured in process time for solving
c 
c --- [ glue usage ] ---------------------------------------------------------
c 
c focused glue 1 used 3334489 clauses 64.57% accumulated 64.57% tier1
c focused glue 2 used 824273 clauses 15.96% accumulated 80.54% tier2
c 
c stable glue 1 used 3032053 clauses 53.23% accumulated 53.23% tier1
c stable glue 2 used 872316 clauses 15.31% accumulated 68.55% tier2
c 
c 
c --- [ resources ] ----------------------------------------------------------
c 
c total process time since initialization:      1882.52    seconds
c total real time since initialization:         1904.74    seconds
c maximum resident set size of process:          206.30    MB
c 
c --- [ shutting down ] ------------------------------------------------------
c 
c exit 20
