c --- [ banner ] -------------------------------------------------------------
c 
c CaDiCaL SAT Solver
c Copyright (c) 2016-2026
c A. Biere, M. Fleury, N. Froleyks, K. Fazekas, F. Pollitt, T. Faller
c JKU Linz, University of Freiburg, TU Wien
c 
c Version 3.0.1 c60730422e758ef1cebe7aeddf2dda31c996bf04
c g++ (Ubuntu 13.3.0-6ubuntu2~24.04.1) 13.3.0 -Wall -Wextra -O3 -DNDEBUG
c Sat Sep 19 01:48:17 PM UTC 2026 Linux b92df19386bc 6.6.122+ x86_64
c 
c --- [ proof tracing ] ------------------------------------------------------
c 
c opening file to write '/content/repo/proofs/K10_2K4_gauge.drat'
c writing non-binary proof trace to '/content/repo/proofs/K10_2K4_gauge.drat'
c 
c --- [ parsing input ] ------------------------------------------------------
c 
c reading DIMACS file from '/content/repo/cnf/K10_2K4_gauge.cnf'
c opening file to read '/content/repo/cnf/K10_2K4_gauge.cnf'
c found 'p cnf 3285 15414' header
c parsed 15414 clauses in 0.01 seconds process time
c 
c --- [ options ] ------------------------------------------------------------
c 
c   --binary=false                 (different from default 'true')
c 
c --- [ solving ] ------------------------------------------------------------
c 
c time measured in process time since initialization
c 
c  seconds  reduction conflicts       size tier2      variables
c         MB    restarts   redundant    glue  trail        remaining
c          level     rate       size/glu tier1  irredundant
c 
c *  0.01  7  0 0   0  0    0    0 0.0 0 0 2 6  0% 15405 3090 94%
c )  0.01  7  0 0   0  0    0    0 0.0 0 0 2 6  0% 15405 3090 94%
c {  0.01  7  0 0   0  0    0    0 0.0 0 0 2 6  0% 15405 3090 94%
c -  0.03  7  8 1   0  1  300  284 3.5 13 4 2 6 32% 13857 3090 94%
c -  0.05  8 14 2  85  3  735  656 2.7 11 4 2 6 31% 13857 3090 94%
c }  0.06  8 16 2 109  4 1002  912 2.7 11 4 2 6 32% 13857 3090 94%
c [  0.06  8  0 2 109  0 1002  912 0.0 0 0 2 6  0% 13857 3090 94%
c O  0.06  8 21 2 109 22 1003  913 3.0 27 9 2 6 32% 13857 3090 94%
c -  0.09  8 16 3 109  2 1414 1013 2.6 18 7 2 6 29% 13857 3090 94%
c ]  0.15  8 12 3 110  1 2062 1583 2.4 15 6 2 6 25% 13857 3090 94%
c {  0.15  8 16 3 110  4 2062 1583 2.7 11 4 2 6 32% 13857 3090 94%
c -  0.17  8 16 4 121  3 2355 1429 2.6 11 4 2 6 31% 13857 3090 94%
c O  0.19  8 16 4 164  3 3006 2047 2.8 11 4 2 6 31% 13857 3090 94%
c -  0.21  8 15 5 210  3 3570 2127 2.6 11 4 2 6 29% 13857 3090 94%
c s  0.27  9 16 5 297  3 4636 3079 2.6 11 4 2 6 29% 13857 3090 94%
c e  0.29  9 16 5 297  3 4636  914 2.6 11 4 2 6 29% 13077 2718 83%
c s  0.30  9 16 5 297  3 4636  913 2.6 11 4 2 6 29% 13077 2718 83%
c ^  0.30  9 16 5 297  3 4636  913 2.6 11 4 2 6 29% 13077 2718 83%
c -  0.32  9 16 6 404  3 5063  882 2.5 11 4 2 3 25% 13077 2718 83%
c #  0.36  9 17 6 626  4 6009 1756 2.4 11 5 2 3 23% 13077 2718 83%
c 
c  seconds  reduction conflicts       size  tier2      variables
c         MB    restarts   redundant     glue  trail        remaining
c          level     rate       size/glue tier1  irredundant
c 
c -  0.39  9 17 7 718  4 6841 1887 2.4 11 5 3 4 23% 13077 2718 83%
c u  0.41  9 17 7 724  4 6863 1790 2.4 11 5 3 4 23% 13077 2718 83%
c v  0.42  9 17 7 724  4 6863 1774 2.4 11 5 3 4 23% 13077 2718 83%
c w  0.42  9 17 7 724  4 6863 1774 2.4 11 5 3 4 23% 13077 2718 83%
c }  0.42  9 17 7 734  4 6904 1810 2.4 11 5 3 4 22% 13077 2718 83%
c [  0.42  9 12 7 734  1 6904 1810 2.4 15 6 2 6 30% 13077 2718 83%
c -  0.52  9 10 8 735  1 8909 2585 2.3 13 6 4 6 23% 13077 2718 83%
c I  0.58  9  9 8 735  1 10010 3427 2.3 13 5 4 5 23% 13077 2718 83%
c ]  0.62  9 10 8 736  1 10829 4035 2.2 13 6 4 5 23% 13077 2718 83%
c {  0.62  9 17 8 736  4 10829 4035 2.4 11 5 3 4 22% 13077 2718 83%
c -  0.65  9 17 9 848  4 11270 3379 2.4 11 5 3 4 22% 13077 2718 83%
c u  0.70  9 16 9 973  4 12346 4134 2.3 11 5 3 4 21% 13077 2718 83%
c v  0.70  9 16 9 973  4 12346 4107 2.3 11 5 3 4 21% 13077 2718 83%
c w  0.71  9 16 9 973  4 12346 4106 2.3 11 5 3 4 21% 13077 2718 83%
c t  0.71  9 16 9 973  4 12346 4105 2.3 11 5 3 4 21% 13077 2718 83%
c s  0.78  9 16 9 1200  4 13702 4967 2.3 11 5 2 3 21% 13077 2718 83%
c e  0.80  9 16 9 1200  4 13702 3031 2.3 11 5 2 3 21% 13338 2466 75%
c s  0.80  9 16 9 1200  4 13702 3002 2.3 11 5 2 3 21% 12741 2466 75%
c -  0.82  9 16 10 1256  4 13924 2077 2.3 11 5 2 3 21% 12741 2466 75%
c B  0.87  9 16 10 1417  4 15011 2998 2.2 11 5 2 3 21% 12741 2466 75%
c 
c  seconds  reductions   conflicts       size  tier2      variables
c         MB     restarts     redundant     glue  trail        remaining
c          level       rate        size/glue tier1  irredundant
c 
c -  0.98  9 15 11 1627  3 16875 3049 2.2 12 5 2 3 21% 12741 2466 75%
c u  1.05  9 15 11 1684  3 18153 3780 2.2 11 5 2 3 21% 12741 2466 75%
c v  1.05  9 15 11 1684  3 18153 3764 2.2 11 5 2 3 21% 12741 2466 75%
c w  1.05  9 15 11 1684  3 18153 3730 2.2 11 5 2 3 21% 12741 2466 75%
c x  1.05  9 15 11 1684  3 18153 3730 2.2 11 5 2 3 21% 12741 2466 75%
c }  1.11  9 14 11 1717  3 19405 4610 2.2 11 5 2 3 21% 12741 2466 75%
c [  1.11  9 10 11 1717  1 19405 4610 2.2 13 6 4 5 23% 12741 2466 75%
c i  1.14  9  9 11 1718  1 19793 4797 2.2 12 6 4 5 23% 12741 2463 75%
c -  1.17  9  9 12 1718  1 20125 3147 2.2 12 6 4 5 23% 12487 2463 75%
c i  1.19  9  9 12 1718  1 20435 3344 2.2 12 5 4 5 22% 12487 2458 75%
c i  1.19  9  9 12 1718  1 20493 3380 2.2 12 5 4 5 22% 12487 2455 75%
c i  1.19  9  9 12 1718  1 20526 3397 2.2 12 5 4 5 22% 12487 2453 75%
c i  1.19  9  9 12 1718  1 20539 3403 2.2 12 5 4 5 22% 12487 2405 73%
c i  1.20  9  9 12 1718  1 20540 2417 2.2 12 5 4 5  8% 11098 2404 73%
c i  1.20  9  9 12 1718  1 20541 2417 2.2 12 5 4 5  8% 11098 1950 59%
c i  1.20  9  9 12 1718  1 20543 2418 2.2 12 5 4 5 21% 11098 1949 59%
c ]  1.20  9  9 12 1718  1 20546 2418 2.2 12 5 4 5 21% 11098 1939 59%
c 0  1.20  9  9 12 1718  1 20546 2418 2.2 12 5 4 5 21% 11098 1939 59%
c 
c --- [ closing proof ] ------------------------------------------------------
c 
c DRAT proof file '/content/repo/proofs/K10_2K4_gauge.drat' closed
c DRAT 28872 added clauses 49.00%
c DRAT 30047 deleted clauses 51.00%
c DRAT 2537601 bytes (2.42 MB)
c 
c --- [ result ] -------------------------------------------------------------
c 
s UNSATISFIABLE
c 
c --- [ run-time profiling ] -------------------------------------------------
c 
c process time taken by individual solving procedures
c (percentage relative to process time for solving)
c 
c         1.01   84.27% search
c         0.66   55.61% unstable
c         0.34   28.41% stable
c         0.19   15.71% simplify
c         0.04    3.60% sweep
c         0.04    3.59% elim
c         0.03    2.79% vivify
c         0.03    2.21% subsume
c         0.02    1.47% congruence
c         0.01    0.61% parse
c         0.00    0.31% backbone
c         0.00    0.29% ternary
c         0.00    0.24% lucky
c         0.00    0.16% probe
c   =================================
c         1.19   99.37% solve
c 
c last line shows process time for solving
c (percentage relative to total process time)
c 
c --- [ statistics ] ---------------------------------------------------------
c 
c chronological:              6417        31.23 %  of conflicts
c conflicts:                 20546     17225.19    per second
c backbone:                  78772      2397.93 %  of vars
c decisions:                 54131     45381.91    per second
c eliminated:                  624        19.00 %  of all variables
c fixed:                       722        21.98 %  of all variables
c learned:                   19940        97.05 %  per conflict
c learned_lits:             300915       100.00 %  learned literals
c minimized:                     0         0.00 %  learned literals
c shrunken:                  50619        16.82 %  learned literals
c minishrunken:              19500         6.48 %  learned literals
c otfs:                        193         0.94 %  of conflict
c propagations:            4579905         3.84 M  per second
c reduced:                    7518        36.59 %  per conflict
c rephased:                      5      4109.20    interval
c restarts:                   1718        11.96    interval
c stabilizing:                   3        29.65 %  of conflicts
c subsumed:                   4096        10.13 %  of all clauses
c strengthened:               1055         2.61 %  of all clauses
c ticks:                  32884824         7.70    propagation
c vivified:                    184         0.46 %  of all clauses
c weakened:                   2460         3.24    average size
c congruence:                    3      6848.67    interval
c 
c seconds are measured in process time for solving
c 
c --- [ glue usage ] ---------------------------------------------------------
c 
c focused glue 2 used 8572 clauses 27.31% accumulated 55.16% tier1
c focused glue 3 used 5041 clauses 16.06% accumulated 71.22% tier2
c 
c stable glue 3 used 2481 clauses 15.24% accumulated 60.27% tier1
c stable glue 4 used 2095 clauses 12.87% accumulated 73.14%
c stable glue 5 used 1574 clauses 9.673% accumulated 82.82% tier2
c 
c 
c --- [ resources ] ----------------------------------------------------------
c 
c total process time since initialization:         1.20    seconds
c total real time since initialization:            1.20    seconds
c maximum resident set size of process:           12.62    MB
c 
c --- [ shutting down ] ------------------------------------------------------
c 
c exit 20
